export const snapshot = {};

snapshot[`bun-lock 1`] = `
"# Audit report

## axios 1.8.3 \`npm\`

\`\`\`
Title: Bypass CSRF Middleware by a request without Content-Type header
Severity: medium
Published: 2024-10-15
Details: https://github.com/advisories
CVE: CVE-2049-12345
CWE: CWE-352: Cross-Site Request Forgery (CSRF)
GHSA: GHSA-1234-asd7-89fg

Affected package: axios (npm)
Affected versions: >=0.1.0
Patched versions: N/A
\`\`\`

## @std/collections 1.0.10 \`jsr\`

\`\`\`
Title: Bypass CSRF Middleware by a request without Content-Type header
Severity: medium
Published: 2024-10-15
Details: https://github.com/advisories
CVE: CVE-2049-12345
CWE: CWE-352: Cross-Site Request Forgery (CSRF)
GHSA: GHSA-1234-asd7-89fg

Affected package: @std/collections (other)
Affected versions: >=0.1.0
Patched versions: N/A
\`\`\`
"
`;
