export const snapshot = {};

snapshot[`JSR only 1`] = `
"# Audit report

## @hono/hono 4.6.4 \`jsr\`

\`\`\`
Title: Bypass CSRF Middleware by a request without Content-Type header
Severity: medium
Published: 2024-10-15
Details: https://github.com/honojs/hono/security/advisories/GHSA-2234-fmw7-43wr
CVE: CVE-2024-48913
CWE: CWE-352: Cross-Site Request Forgery (CSRF)
GHSA: GHSA-2234-fmw7-43wr

Affected package: hono (npm)
Affected versions: < 4.6.5
Patched versions: 4.6.5
\`\`\`
"
`;
