export const snapshot = {};

snapshot[`Match (after) 1`] = `
[
  [
    "@std/bytes",
    "1.0.4",
    [
      "<= 1.0.10",
    ],
  ],
  [
    "std",
    "0.214.0",
    [
      "<= 1.0.10",
    ],
  ],
  [
    "@esbuild/aix-ppc64",
    "0.21.5",
    [
      "<=0.24.2",
    ],
  ],
  [
    "body-parser",
    "1.20.2",
    [
      "<1.20.3",
    ],
  ],
  [
    "cookie",
    "0.6.0",
    [
      "<0.7.0",
    ],
  ],
  [
    "express",
    "4.19.1",
    [
      "<4.20.0",
      ">=5.0.0-alpha.1, <5.0.0",
      "<4.19.2",
      ">=5.0.0-alpha.1, <5.0.0-beta.3",
    ],
  ],
  [
    "path-to-regexp",
    "0.1.7",
    [
      "<0.1.12",
      ">=7.0.0, <8.0.0",
      ">=0.2.0,<1.9.0",
      "<0.1.10",
      ">=2.0.0, <3.3.0",
      ">=4.0.0, <6.3.0",
    ],
  ],
  [
    "send",
    "0.18.0",
    [
      "< 0.19.0",
    ],
  ],
  [
    "serve-static",
    "1.15.0",
    [
      "< 1.16.0",
      ">=2.0.0, <2.1.0",
    ],
  ],
]
`;
