export const snapshot = {};

snapshot[`NPM only 1`] = `
"# Audit report

## @algolia/autocomplete-core 1.17.7 \`npm\`

\`\`\`
Title: XSS vulnerability in serveDir API of @std/http/file-server on POSIX systems
Severity: low
Details: https://github.com/denoland/std/security/advisories/GHSA-32fx-h446-h8pf
CVE: CVE-2024-52793
GHSA: GHSA-32fx-h446-h8pf

Affected package: @std/http (other)
Affected versions: <= 1.0.10
Patched versions: 1.0.11
\`\`\`
\`\`\`
Title: XSS vulnerability in serveDir API of @std/http/file-server on POSIX systems
Severity: low
Details: https://github.com/denoland/std/security/advisories/GHSA-32fx-h446-h8pf
CVE: CVE-2024-52793
GHSA: GHSA-32fx-h446-h8pf

Affected package: @std/http (other)
Affected versions: <= 1.0.10
Patched versions: 1.0.11
\`\`\`
"
`;
