export const snapshot = {};

snapshot[`JSR 1`] = `
"# Audit report

## @hono/hono 4.6.4 \`jsr\`

\`\`\`
Title: Bypass CSRF Middleware by a request without Content-Type header
Severity: medium
Published: 2024-10-15
Details: https://github.com
CVE: CVE-2024-48913
CWE: CWE-352: Cross-Site Request Forgery (CSRF)
GHSA: GHSA-2234-fmw7-43wr

Affected package: hono (other)
Affected versions: 4.6.4
Patched versions: N/A
\`\`\`
\`\`\`
Title: Bypass CSRF Middleware by a request without Content-Type header
Severity: medium
Published: 2024-10-15
Details: https://github.com
CVE: CVE-2024-48913
CWE: CWE-352: Cross-Site Request Forgery (CSRF)
GHSA: GHSA-2234-fmw7-43wr

Affected package: http (other)
Affected versions: 10.0.4
Patched versions: N/A
\`\`\`

## @nashaddams/amqp 1.0.0 \`jsr\`

\`\`\`
Title: Bypass CSRF Middleware by a request without Content-Type header
Severity: medium
Published: 2024-10-15
Details: https://github.com
CVE: CVE-2024-48913
CWE: CWE-352: Cross-Site Request Forgery (CSRF)
GHSA: GHSA-2234-fmw7-43wr

Affected package: amqp (other)
Affected versions: 1.0.0
Patched versions: N/A
\`\`\`
"
`;
